[www.stellarhorizon.in/index.html]
[static.wixstatic.com/media/659744_6ef2cfd05c3546b48bf7bfd43f60fcac_mv2.png/v1/fill/w_192,h_192,lg_1,usm_0.66_1.00_0.01/659744_6ef2cfd05c3546b48bf7bfd43f60fcac_mv2.png]
[static.wixstatic.com/media/659744_6ef2cfd05c3546b48bf7bfd43f60fcac_mv2.png/v1/fill/w_32,h_32,lg_1,usm_0.66_1.00_0.01/659744_6ef2cfd05c3546b48bf7bfd43f60fcac_mv2.png]
[static.wixstatic.com/media/659744_6ef2cfd05c3546b48bf7bfd43f60fcac_mv2.png/v1/fill/w_180,h_180,lg_1,usm_0.66_1.00_0.01/659744_6ef2cfd05c3546b48bf7bfd43f60fcac_mv2.png]
[static.parastorage.com/unpkg/core-js-bundle@3.2.1/minified.js]
[static.parastorage.com/unpkg/focus-within-polyfill@5.0.9/dist/focus-within-polyfill.js]
[backblue.gif]
[fade.gif]
[index.html]
[polyfill.io/v3/polyfill.mind82c.js]
[static.parastorage.com/services/editor-elements-library/dist/thunderbolt/media/sloppyframe.d2412ec4.png]
[www.stellarhorizon.in/blog-feed.xml]
[static.wixstatic.com/media/659744_9ea2f6b4b94a470b857dce840dbef684_mv2.png/v1/fill/w_53,h_66,al_c,q_85,usm_0.66_1.00_0.01,enc_auto/659744_9ea2f6b4b94a470b857dce840dbef684_mv2.png]
[www.stellarhorizon.in/s-projects-side-by-side.html]
[www.stellarhorizon.in/blog.html]
[static.wixstatic.com/media/659744_1cde37227b994be79c6b444a8178f21a_mv2.jpg/v1/fill/w_147,h_112,al_c,q_80,usm_0.66_1.00_0.01,blur_2,enc_auto/659744_1cde37227b994be79c6b444a8178f21a_mv2.jpg]
[www.stellarhorizon.in/account/my-account.html]
[static.wixstatic.com/media/659744_7a91698f723441479c33ca38b870fffb_mv2.jpg/v1/fill/w_147,h_103,al_c,q_80,usm_0.66_1.00_0.01,blur_2,enc_auto/659744_7a91698f723441479c33ca38b870fffb_mv2.jpg]
[static.wixstatic.com/media/659744_9ea2f6b4b94a470b857dce840dbef684_mv2.png/v1/fill/w_65,h_80,al_c,q_85,usm_0.66_1.00_0.01,enc_auto/659744_9ea2f6b4b94a470b857dce840dbef684_mv2.png]
[static.wixstatic.com/media/659744_7fbcb8c636fe4a109a61873eb0158e07_mv2.jpeg/v1/crop/x_1401,y_494,w_199,h_204/fill/w_110,h_111,al_c,q_80,usm_0.66_1.00_0.01,enc_auto/659744_7fbcb8c636fe4a109a61873eb0158e07_mv2.jpg]
[static.wixstatic.com/media/659744_16d2df81438f448aad9d62b6e6449041_mv2.png/v1/fill/w_18,h_22,al_c,q_85,usm_0.66_1.00_0.01,enc_auto/stellar_logo-removebg-preview_edited_edi.png]
[static.wixstatic.com/media/11062b_1c2c76ccfbdd4425903804d8b60a4186_mv2.jpg/v1/fill/w_147,h_98,al_c,q_80,usm_0.66_1.00_0.01,blur_2,enc_auto/11062b_1c2c76ccfbdd4425903804d8b60a4186_mv2.jpg]
[static.wixstatic.com/media/659744_16d2df81438f448aad9d62b6e6449041_mv2.png/v1/fill/w_35,h_43,al_c,q_85,usm_0.66_1.00_0.01,blur_3,enc_auto/stellar_logo-removebg-preview_edited_edi.png]
[static.wixstatic.com/media/659744_6de60e6cf57e4daabf4da105704f2206_mv2.png/v1/fill/w_78,h_54,al_c,q_85,usm_0.66_1.00_0.01,blur_2,enc_auto/659744_6de60e6cf57e4daabf4da105704f2206_mv2.png]
[static.wixstatic.com/media/659744_16d2df81438f448aad9d62b6e6449041_mv2.png/v1/fill/w_18,h_22,al_c,q_85,usm_0.66_1.00_0.01,blur_3,enc_auto/stellar_logo-removebg-preview_edited_edi.png]
[static.wixstatic.com/media/659744_e5f96267cca845dbba5f32ec2d53443b_mv2.jpg/v1/fill/w_70,h_105,al_c,q_80,usm_0.66_1.00_0.01,blur_2,enc_auto/659744_e5f96267cca845dbba5f32ec2d53443b_mv2.jpg]
[static.wixstatic.com/media/11062b_0c2fc4e8eb0a4c69bc9cb4f2b5c9f3b2_mv2.jpeg/v1/fill/w_147,h_98,al_c,q_80,usm_0.66_1.00_0.01,blur_2,enc_auto/11062b_0c2fc4e8eb0a4c69bc9cb4f2b5c9f3b2_mv2.jpg]
[static.wixstatic.com/media/659744_9ea2f6b4b94a470b857dce840dbef684_mv2.png/v1/fill/w_65,h_80,al_c,q_85,usm_0.66_1.00_0.01,blur_3,enc_auto/659744_9ea2f6b4b94a470b857dce840dbef684_mv2.png]
[static.wixstatic.com/media/659744_27e1959d020240aeac98958a197525c5_mv2.png/v1/fill/w_58,h_41,al_c,q_85,usm_0.66_1.00_0.01,blur_2,enc_auto/ITF-removebg-preview.png]
[static.wixstatic.com/media/659744_1e9f039d8754447ba7a131d4054e15ed_mv2.png/v1/crop/x_52,y_0,w_745,h_745/fill/w_120,h_120,al_c,q_85,usm_0.66_1.00_0.01,blur_3,enc_auto/consultancy-icon-15654.png]
[static.wixstatic.com/media/659744_1ec5f1a128a144218ff9c0ab168a5fb1_mv2.png/v1/crop/x_130,y_0,w_386,h_386/fill/w_165,h_165,al_c,q_85,usm_0.66_1.00_0.01,blur_3/export-import-international-trade-international-business-p]
[static.wixstatic.com/media/659744_89a02f07148145f889ad90029f541236_mv2.jpg/v1/fill/w_147,h_97,al_c,q_80,usm_0.66_1.00_0.01,blur_2,enc_auto/659744_89a02f07148145f889ad90029f541236_mv2.jpg]
[static.wixstatic.com/media/389edc41041f426ab69de13eecdc4d0a.jpg/v1/fill/w_122,h_69,al_c,q_80,usm_0.66_1.00_0.01,blur_2,enc_auto/389edc41041f426ab69de13eecdc4d0a.jpg]
[static.wixstatic.com/media/be61168ec4ce4669a4161af4dfc7c175.jpg/v1/fill/w_122,h_82,al_c,q_80,usm_0.66_1.00_0.01,blur_2,enc_auto/be61168ec4ce4669a4161af4dfc7c175.jpg]
[static.wixstatic.com/media/659744_cd05278a9ad247c0820798d649ea9a48_mv2.png/v1/crop/x_64,y_191,w_188,h_49/fill/w_81,h_21,al_c,q_85,usm_0.66_1.00_0.01,blur_3,enc_auto/659744_cd05278a9ad247c0820798d649ea9a48_mv2.png]
[static.wixstatic.com/media/659744_9ea2f6b4b94a470b857dce840dbef684_mv2.png/v1/fill/w_22,h_27,al_c,q_85,usm_0.66_1.00_0.01,blur_3,enc_auto/659744_9ea2f6b4b94a470b857dce840dbef684_mv2.png]
[static.wixstatic.com/media/659744_cd05278a9ad247c0820798d649ea9a48_mv2.png/v1/crop/x_309,y_191,w_204,h_49/fill/w_87,h_21,al_c,q_85,usm_0.66_1.00_0.01,blur_3,enc_auto/659744_cd05278a9ad247c0820798d649ea9a48_mv2.png]
[browser.sentry-cdn.com/6.18.2/bundle.min.js]
[www.stellarhorizon.in/sitemap.xml]
[www.stellarhorizon.in/feed.23.delayed]
[www.stellarhorizon.in/${n.24.delayed]
[static.parastorage.com/services/wix-thunderbolt/dist/thunderbolt-commons.14a32120.bundle.min.js]
[static.parastorage.com/services/wix-thunderbolt/dist/main.bde96a83.bundle.min.js]
[static.parastorage.com/unpkg/lodash@4.17.21/lodash.min.js]
[static.parastorage.com/unpkg/react@16.14.0/umd/react.production.min.js]
[static.parastorage.com/unpkg/react-dom@16.14.0/umd/react-dom.production.min.js]
[www.stellarhorizon.in/decodeURIComponent(e.2a.delayed]
[static.parastorage.com/services/tag-manager-client/1.820.0/siteTags.bundle.min.js]
[static.parastorage.com/services/wix-perf-measure/1.1095.0/wix-perf-measure.umd.min.js]
[www.stellarhorizon.in/index.html]
[static.wixstatic.com/media/659744_28b82c9cd4fc4dbaaf97950851a5c719_mv2.jpg/v1/fill/w_100,h_67,al_c,q_80,usm_0.66_1.00_0.01,blur_2,enc_auto/659744_28b82c9cd4fc4dbaaf97950851a5c719_mv2.jpg]
[static.wixstatic.com/media/659744_173a2ad333a74e96b67dcb13d7151668_mv2.jpg/v1/fill/w_378,h_283,al_c,lg_1,q_80,enc_auto/Diesel-EN590-1.jpg]
[static.wixstatic.com/media/659744_0ec64f21b8c543558bca0bf1e62348d5_mv2.jpg/v1/fill/w_95,h_63,al_c,q_80,usm_0.66_1.00_0.01,blur_2,enc_auto/airplane-fueling-e1584130311621_edited_j.jpg]
[www.stellarhorizon.in/s-projects-side-by-side.html]
[static.parastorage.com/services/communities-blog-ooi/1.1289.0/client-viewer/2543.chunk.min.js]
[static.parastorage.com/services/communities-blog-ooi/1.1289.0/client-viewer/post-list-pro-gallery.chunk.min.js]
[static.wixstatic.com/media/659744_8d073fc817034b5c8032ca2909ef0d71_mv2.jpg/v1/fill/w_250,h_250,fp_0.50_0.50,q_30,blur_30,enc_auto/659744_8d073fc817034b5c8032ca2909ef0d71_mv2.jpg]
[static.wixstatic.com/media/659744_8d073fc817034b5c8032ca2909ef0d71_mv2.jpg/v1/fill/w_454,h_341,fp_0.50_0.50,q_90,enc_auto/659744_8d073fc817034b5c8032ca2909ef0d71_mv2.jpg]
[www.stellarhorizon.in/blog.html]
[www.stellarhorizon.in/post/mahindra-teases-thar-e-concept-reveal-on-august-15.html]
[www.stellarhorizon.in/account/robots.html]
[www.stellarhorizon.in/account/sitemap.36.delayed]
[www.stellarhorizon.in/account/feed.37.delayed]
[www.stellarhorizon.in/account/${n.html]
[www.stellarhorizon.in/account/my-account.html]
[www.stellarhorizon.in/feed.html]
[www.stellarhorizon.in/${n.html]
[www.stellarhorizon.in/decodeURIComponent(e.html]
[www.stellarhorizon.in/account/decodeURIComponent(e.html]
[static.parastorage.com/services/communities-blog-ooi/1.1289.0/client-viewer/2161.chunk.min.js]
[static.parastorage.com/services/communities-blog-ooi/1.1289.0/client-viewer/5569.chunk.min.js]
[static.parastorage.com/services/communities-blog-ooi/1.1289.0/client-viewer/9223.chunk.min.js]
[static.parastorage.com/services/communities-blog-ooi/1.1289.0/client-viewer/8593.chunk.min.js]
[static.parastorage.com/services/communities-blog-ooi/1.1289.0/client-viewer/698.chunk.min.js]
[static.parastorage.com/services/communities-blog-ooi/1.1289.0/client-viewer/7859.chunk.min.js]
[static.parastorage.com/services/communities-blog-ooi/1.1289.0/client-viewer/1375.chunk.min.js]
[static.parastorage.com/services/communities-blog-ooi/1.1289.0/client-viewer/7526.chunk.min.js]
[static.parastorage.com/services/communities-blog-ooi/1.1289.0/client-viewer/wix-ricos-viewer.chunk.min.js]
[static.parastorage.com/services/communities-blog-ooi/1.1289.0/client-viewer/3964.chunk.min.js]
[static.parastorage.com/services/communities-blog-ooi/1.1289.0/client-viewer/image.chunk.min.js]
[static.wixstatic.com/media/659744_8d073fc817034b5c8032ca2909ef0d71_mv2.jpg/v1/fill/w_147,h_83,al_c,q_80,usm_0.66_1.00_0.01,blur_2,enc_auto/659744_8d073fc817034b5c8032ca2909ef0d71_mv2.jpg]
[static.wixstatic.com/media/659744_767e7e26f0eb44b780f1582d28136e7f_mv2.jpg/v1/fill/w_147,h_83,al_c,q_80,usm_0.66_1.00_0.01,blur_2,enc_auto/659744_767e7e26f0eb44b780f1582d28136e7f_mv2.jpg]
[static.wixstatic.com/media/659744_5ef1961628c9482399d79a7611f1817f_mv2.jpg/v1/fill/w_147,h_134,al_c,q_80,usm_0.66_1.00_0.01,blur_2,enc_auto/659744_5ef1961628c9482399d79a7611f1817f_mv2.jpg]
[www.stellarhorizon.in/blog/tags/mahindra-mahindra.html]
[www.stellarhorizon.in/blog/tags/mahindra-thar.html]
[www.stellarhorizon.in/blog/tags/evs.html]
[www.stellarhorizon.in/blog/tags/auto-industry.html]
[www.stellarhorizon.in/blog/tags/thar-e.html]
[www.stellarhorizon.in/blog/tags/https---www-autocarpro-in.html]
[www.stellarhorizon.in/post/robots.html]
[www.stellarhorizon.in/post/sitemap.4f.delayed]
[www.stellarhorizon.in/post/feed.50.delayed]
[www.stellarhorizon.in/post/${n.html]
[www.stellarhorizon.in/post/mahindra-teases-thar-e-concept-reveal-on-august-15.html]
[www.stellarhorizon.in/post/decodeURIComponent(e.html]
[static.wixstatic.com/media/035244_516142e5fd21466aaf92b39e0883e66f_mv2.png/v1/crop/x_26,y_16,w_346,h_239/fill/w_339,h_235,al_c,q_85,usm_0.66_1.00_0.01,enc_auto/035244_516142e5fd21466aaf92b39e0883e66f_mv2.png]
[www.stellarhorizon.in/account/robots.html]
[www.stellarhorizon.in/account/sitemap.html]
[www.stellarhorizon.in/account/feed.html]
[www.stellarhorizon.in/account/${n.html]
[www.stellarhorizon.in/account/decodeURIComponent(e.html]
[www.stellarhorizon.in/account/${n-2.html]
[www.stellarhorizon.in/blog/tags/sitemap.56.delayed]
[www.stellarhorizon.in/blog/tags/robots.html]
[www.stellarhorizon.in/blog/tags/feed.57.delayed]
[www.stellarhorizon.in/blog/tags/${n.html]
[www.stellarhorizon.in/blog/tags/mahindra-mahindra.html]
[www.stellarhorizon.in/blog/tags/mahindra-thar.html]
[www.stellarhorizon.in/blog/tags/evs.html]
[www.stellarhorizon.in/blog/tags/auto-industry.html]
[www.stellarhorizon.in/blog/tags/thar-e.html]
[www.stellarhorizon.in/blog/tags/https---www-autocarpro-in.html]
[www.stellarhorizon.in/post/robots.html]
[www.stellarhorizon.in/post/sitemap.html]
[www.stellarhorizon.in/post/feed.html]
[www.stellarhorizon.in/blog/tags/decodeURIComponent(e.html]
[www.stellarhorizon.in/post/${n.html]
[www.stellarhorizon.in/post/decodeURIComponent(e.html]
[www.stellarhorizon.in/account/${n-2.html]
[www.stellarhorizon.in/blog/tags/robots.html]
[www.stellarhorizon.in/blog/tags/sitemap.html]
[www.stellarhorizon.in/blog/tags/feed.html]
[www.stellarhorizon.in/post/${n-2.html]
[www.stellarhorizon.in/blog/tags/${n.html]
[www.stellarhorizon.in/blog/tags/decodeURIComponent(e.html]
[www.stellarhorizon.in/post/${n-2.html]
[www.stellarhorizon.in/blog/tags/${n-2.html]
[www.stellarhorizon.in/blog/tags/${n-2.html]
